{"id":1,"type":"info","level":2,"name":"app","meta":{},"content":"\u001b[38;5;15;1mKoishi/4.18.11\u001b[0m","timestamp":1780659174108}
{"id":2,"type":"info","level":2,"name":"loader","meta":{"paths":[]},"content":"apply plugin \u001b[38;5;45mgroup:entry\u001b[0m","timestamp":1780659174123}
{"id":3,"type":"info","level":2,"name":"loader","meta":{"paths":[]},"content":"apply plugin \u001b[38;5;45mgroup:server\u001b[0m","timestamp":1780659174124}
{"id":4,"type":"info","level":2,"name":"loader","meta":{"paths":[]},"content":"apply plugin \u001b[38;5;45mserver:p5vgxw\u001b[0m","timestamp":1780659174124}
{"id":5,"type":"info","level":2,"name":"loader","meta":{"paths":[]},"content":"apply plugin \u001b[38;5;45mgroup:basic\u001b[0m","timestamp":1780659174312}
{"id":6,"type":"info","level":2,"name":"loader","meta":{"paths":[]},"content":"apply plugin \u001b[38;5;45mcommands:ckqanq\u001b[0m","timestamp":1780659174312}
{"id":7,"type":"info","level":2,"name":"loader","meta":{"paths":[]},"content":"apply plugin \u001b[38;5;45mhelp:do3b4q\u001b[0m","timestamp":1780659174319}
{"id":8,"type":"info","level":2,"name":"loader","meta":{"paths":[]},"content":"apply plugin \u001b[38;5;45mhttp:ktv517\u001b[0m","timestamp":1780659174325}
{"id":9,"type":"info","level":2,"name":"loader","meta":{"paths":[]},"content":"apply plugin \u001b[38;5;45mlocales:yzwfva\u001b[0m","timestamp":1780659174329}
{"id":10,"type":"info","level":2,"name":"loader","meta":{"paths":[]},"content":"apply plugin \u001b[38;5;45mproxy-agent:wxbshp\u001b[0m","timestamp":1780659174342}
{"id":11,"type":"info","level":2,"name":"loader","meta":{"paths":[]},"content":"apply plugin \u001b[38;5;45mrate-limit:g1qwdv\u001b[0m","timestamp":1780659174447}
{"id":12,"type":"info","level":2,"name":"loader","meta":{"paths":[]},"content":"apply plugin \u001b[38;5;45mtelemetry:9o4qn9\u001b[0m","timestamp":1780659174456}
{"id":13,"type":"info","level":2,"name":"loader","meta":{"paths":[]},"content":"apply plugin \u001b[38;5;45mgroup:console\u001b[0m","timestamp":1780659174479}
{"id":14,"type":"info","level":2,"name":"loader","meta":{"paths":[]},"content":"apply plugin \u001b[38;5;45mactions:fqxmz1\u001b[0m","timestamp":1780659174479}
{"id":15,"type":"info","level":2,"name":"loader","meta":{"paths":[]},"content":"apply plugin \u001b[38;5;45manalytics:pe7f1n\u001b[0m","timestamp":1780659174487}
{"id":16,"type":"info","level":2,"name":"loader","meta":{"paths":[]},"content":"apply plugin \u001b[38;5;45mconfig:sxmcu9\u001b[0m","timestamp":1780659174497}
{"id":17,"type":"info","level":2,"name":"loader","meta":{"paths":[]},"content":"apply plugin \u001b[38;5;45mconsole:y8id5p\u001b[0m","timestamp":1780659174549}
{"id":18,"type":"info","level":2,"name":"loader","meta":{"paths":[]},"content":"apply plugin \u001b[38;5;45mdataview:4tqnl0\u001b[0m","timestamp":1780659174570}
{"id":19,"type":"info","level":2,"name":"loader","meta":{"paths":[]},"content":"apply plugin \u001b[38;5;45mexplorer:c556ld\u001b[0m","timestamp":1780659174585}
{"id":20,"type":"info","level":2,"name":"loader","meta":{"paths":[]},"content":"apply plugin \u001b[38;5;45mlogger:u8sxc2\u001b[0m","timestamp":1780659174610}
{"id":21,"type":"info","level":2,"name":"loader","meta":{"paths":[]},"content":"apply plugin \u001b[38;5;45minsight:kx9h2z\u001b[0m","timestamp":1780659174625}
{"id":22,"type":"info","level":2,"name":"loader","meta":{"paths":[]},"content":"apply plugin \u001b[38;5;45mmarket:6vlzmo\u001b[0m","timestamp":1780659174637}
{"id":23,"type":"info","level":2,"name":"loader","meta":{"paths":[]},"content":"apply plugin \u001b[38;5;45mnotifier:iors19\u001b[0m","timestamp":1780659174702}
{"id":24,"type":"info","level":2,"name":"loader","meta":{"paths":[]},"content":"apply plugin \u001b[38;5;45moobe:mvnpze\u001b[0m","timestamp":1780659174709}
{"id":25,"type":"info","level":2,"name":"loader","meta":{"paths":[]},"content":"apply plugin \u001b[38;5;45msandbox:5fdj6q\u001b[0m","timestamp":1780659174715}
{"id":26,"type":"info","level":2,"name":"loader","meta":{"paths":[]},"content":"apply plugin \u001b[38;5;45mstatus:iweqrx\u001b[0m","timestamp":1780659174728}
{"id":27,"type":"info","level":2,"name":"loader","meta":{"paths":[]},"content":"apply plugin \u001b[38;5;45mtheme-vanilla:ip0ven\u001b[0m","timestamp":1780659174760}
{"id":28,"type":"info","level":2,"name":"loader","meta":{"paths":[]},"content":"apply plugin \u001b[38;5;45mgroup:storage\u001b[0m","timestamp":1780659174770}
{"id":29,"type":"info","level":2,"name":"loader","meta":{"paths":[]},"content":"apply plugin \u001b[38;5;45mdatabase-sqlite:ylldu6\u001b[0m","timestamp":1780659174770}
{"id":30,"type":"info","level":2,"name":"loader","meta":{"paths":[]},"content":"apply plugin \u001b[38;5;45massets-local:12ryfk\u001b[0m","timestamp":1780659174791}
{"id":31,"type":"info","level":2,"name":"loader","meta":{"paths":[]},"content":"apply plugin \u001b[38;5;45mgroup:adapter\u001b[0m","timestamp":1780659174807}
{"id":32,"type":"info","level":2,"name":"loader","meta":{"paths":[]},"content":"apply plugin \u001b[38;5;45mgroup:develop\u001b[0m","timestamp":1780659174808}
{"id":33,"type":"info","level":2,"name":"loader","meta":{"paths":[]},"content":"apply plugin \u001b[38;5;45mhmr:jks3uk\u001b[0m","timestamp":1780659174808}
{"id":34,"type":"info","level":2,"name":"loader","meta":{"paths":[]},"content":"apply plugin \u001b[38;5;45mhuaji-xiuxian:duexwm\u001b[0m","timestamp":1780659174846}
{"id":35,"type":"info","level":2,"name":"loader","meta":{"paths":[]},"content":"apply plugin \u001b[38;5;45mmonetary:ji69dl\u001b[0m","timestamp":1780659174974}
{"id":36,"type":"info","level":2,"name":"assets","meta":{"paths":["12ryfk"]},"content":"missing config \"selfUrl\", fallback to \"file:\" scheme","timestamp":1780659175037}
{"id":37,"type":"info","level":2,"name":"server","meta":{"paths":["p5vgxw"]},"content":"server listening at \u001b[38;5;57mhttp://127.0.0.1:5140\u001b[0m","timestamp":1780659175517}
{"id":38,"type":"info","level":2,"name":"huaji-xiuxian:data","meta":{},"content":"游戏数据加载完成：境界 38 个，灵根 8 种，物品 320 件","timestamp":1780659175560}
{"id":39,"type":"info","level":2,"name":"huaji-xiuxian","meta":{"paths":["duexwm"]},"content":"huaji-xiuxian 插件已加载，发送 我要修仙 开始游戏~","timestamp":1780659175591}
{"id":95,"type":"info","level":2,"name":"console","meta":{"paths":["y8id5p"]},"content":"webui is available at \u001b[38;5;166mhttp://127.0.0.1:5140\u001b[0m","timestamp":1780659175920}
{"id":146,"type":"info","level":2,"name":"loader","meta":{"paths":[]},"content":"apply plugin \u001b[38;5;45msmmcat-signin:kck24c\u001b[0m","timestamp":1780659343771}
{"id":147,"type":"info","level":2,"name":"loader","meta":{"paths":[]},"content":"reload plugin \u001b[38;5;45msmmcat-signin:kck24c\u001b[0m","timestamp":1780659349623}
{"id":260,"type":"info","level":2,"name":"loader","meta":{"paths":[]},"content":"unload plugin \u001b[38;5;45msmmcat-signin:kck24c\u001b[0m","timestamp":1780659420669}
{"id":261,"type":"info","level":2,"name":"loader","meta":{"paths":[]},"content":"apply plugin \u001b[38;5;45msmmcat-signin:kck24c\u001b[0m","timestamp":1780659421416}
{"id":313,"type":"info","level":2,"name":"loader","meta":{"paths":[]},"content":"reload plugin \u001b[38;5;45msmmcat-signin:kck24c\u001b[0m","timestamp":1780659547168}
{"id":314,"type":"info","level":2,"name":"loader","meta":{"paths":[]},"content":"reload plugin \u001b[38;5;45mhuaji-xiuxian:duexwm\u001b[0m","timestamp":1780659553489}
{"id":315,"type":"info","level":2,"name":"huaji-xiuxian:data","meta":{},"content":"游戏数据加载完成：境界 38 个，灵根 8 种，物品 320 件","timestamp":1780659553510}
{"id":316,"type":"info","level":2,"name":"huaji-xiuxian","meta":{"paths":[]},"content":"huaji-xiuxian 插件已加载，发送 我要修仙 开始游戏~","timestamp":1780659553541}
{"id":582,"type":"info","level":2,"name":"loader","meta":{"paths":[]},"content":"unload plugin \u001b[38;5;45msmmcat-signin:kck24c\u001b[0m","timestamp":1780659690085}
{"id":583,"type":"info","level":2,"name":"loader","meta":{"paths":[]},"content":"apply plugin \u001b[38;5;45msmmcat-signin:kck24c\u001b[0m","timestamp":1780659691188}
{"id":600,"type":"info","level":2,"name":"loader","meta":{"paths":[]},"content":"reload plugin \u001b[38;5;45msmmcat-signin:kck24c\u001b[0m","timestamp":1780659724706}
{"id":601,"type":"info","level":2,"name":"loader","meta":{"paths":[]},"content":"unload plugin \u001b[38;5;45msmmcat-signin:kck24c\u001b[0m","timestamp":1780659725465}
{"id":602,"type":"info","level":2,"name":"loader","meta":{"paths":[]},"content":"apply plugin \u001b[38;5;45msmmcat-signin:kck24c\u001b[0m","timestamp":1780659726606}
{"id":988,"type":"info","level":2,"name":"loader","meta":{"paths":[]},"content":"unload plugin \u001b[38;5;45mhuaji-xiuxian:duexwm\u001b[0m","timestamp":1780660915224}
{"id":989,"type":"info","level":2,"name":"huaji-xiuxian:data","meta":{},"content":"游戏数据加载完成：境界 38 个，灵根 8 种，物品 320 件","timestamp":1780660915245}
{"id":990,"type":"warn","level":2,"name":"app","meta":{"paths":[]},"content":"Error: property xiuxian is not registered, declare it as `inject` to suppress this warning\n    at Object.apply (D:\\project\\koishi-plugin-xiuxian\\koishi-app\\external\\huaji-xiuxian\\src\\index.ts:41:9)\n    at MainScope.apply (D:\\project\\koishi-plugin-xiuxian\\koishi-app\\node_modules\\@cordisjs\\core\\src\\scope.ts:362:26)\n    at <anonymous> (D:\\project\\koishi-plugin-xiuxian\\koishi-app\\node_modules\\@cordisjs\\core\\src\\scope.ts:389:49)\n    at MainScope.ensure (D:\\project\\koishi-plugin-xiuxian\\koishi-app\\node_modules\\@cordisjs\\core\\src\\scope.ts:150:18)\n    at MainScope.start (D:\\project\\koishi-plugin-xiuxian\\koishi-app\\node_modules\\@cordisjs\\core\\src\\scope.ts:389:12)\n    at MainScope.init (D:\\project\\koishi-plugin-xiuxian\\koishi-app\\node_modules\\@cordisjs\\core\\src\\scope.ts:189:12)\n    at new MainScope (D:\\project\\koishi-plugin-xiuxian\\koishi-app\\node_modules\\@cordisjs\\core\\src\\scope.ts:327:12)\n    at Proxy.plugin (D:\\project\\koishi-plugin-xiuxian\\koishi-app\\node_modules\\@cordisjs\\core\\src\\registry.ts:207:15)\n    at Proxy.inject (D:\\project\\koishi-plugin-xiuxian\\koishi-app\\node_modules\\@cordisjs\\core\\src\\registry.ts:179:17)","timestamp":1780660915251}
{"id":991,"type":"warn","level":2,"name":"app","meta":{"paths":[]},"content":"Error: property xiuxian is not registered, declare it as `inject` to suppress this warning\n    at Object.apply (D:\\project\\koishi-plugin-xiuxian\\koishi-app\\external\\huaji-xiuxian\\src\\index.ts:44:9)\n    at MainScope.apply (D:\\project\\koishi-plugin-xiuxian\\koishi-app\\node_modules\\@cordisjs\\core\\src\\scope.ts:362:26)\n    at <anonymous> (D:\\project\\koishi-plugin-xiuxian\\koishi-app\\node_modules\\@cordisjs\\core\\src\\scope.ts:389:49)\n    at MainScope.ensure (D:\\project\\koishi-plugin-xiuxian\\koishi-app\\node_modules\\@cordisjs\\core\\src\\scope.ts:150:18)\n    at MainScope.start (D:\\project\\koishi-plugin-xiuxian\\koishi-app\\node_modules\\@cordisjs\\core\\src\\scope.ts:389:12)\n    at MainScope.init (D:\\project\\koishi-plugin-xiuxian\\koishi-app\\node_modules\\@cordisjs\\core\\src\\scope.ts:189:12)\n    at new MainScope (D:\\project\\koishi-plugin-xiuxian\\koishi-app\\node_modules\\@cordisjs\\core\\src\\scope.ts:327:12)\n    at Proxy.plugin (D:\\project\\koishi-plugin-xiuxian\\koishi-app\\node_modules\\@cordisjs\\core\\src\\registry.ts:207:15)\n    at Proxy.inject (D:\\project\\koishi-plugin-xiuxian\\koishi-app\\node_modules\\@cordisjs\\core\\src\\registry.ts:179:17)","timestamp":1780660915253}
{"id":992,"type":"warn","level":2,"name":"app","meta":{"paths":[]},"content":"Error: property xiuxian is not registered, declare it as `inject` to suppress this warning\n    at Object.apply (D:\\project\\koishi-plugin-xiuxian\\koishi-app\\external\\huaji-xiuxian\\src\\index.ts:47:9)\n    at MainScope.apply (D:\\project\\koishi-plugin-xiuxian\\koishi-app\\node_modules\\@cordisjs\\core\\src\\scope.ts:362:26)\n    at <anonymous> (D:\\project\\koishi-plugin-xiuxian\\koishi-app\\node_modules\\@cordisjs\\core\\src\\scope.ts:389:49)\n    at MainScope.ensure (D:\\project\\koishi-plugin-xiuxian\\koishi-app\\node_modules\\@cordisjs\\core\\src\\scope.ts:150:18)\n    at MainScope.start (D:\\project\\koishi-plugin-xiuxian\\koishi-app\\node_modules\\@cordisjs\\core\\src\\scope.ts:389:12)\n    at MainScope.init (D:\\project\\koishi-plugin-xiuxian\\koishi-app\\node_modules\\@cordisjs\\core\\src\\scope.ts:189:12)\n    at new MainScope (D:\\project\\koishi-plugin-xiuxian\\koishi-app\\node_modules\\@cordisjs\\core\\src\\scope.ts:327:12)\n    at Proxy.plugin (D:\\project\\koishi-plugin-xiuxian\\koishi-app\\node_modules\\@cordisjs\\core\\src\\registry.ts:207:15)\n    at Proxy.inject (D:\\project\\koishi-plugin-xiuxian\\koishi-app\\node_modules\\@cordisjs\\core\\src\\registry.ts:179:17)","timestamp":1780660915254}
{"id":993,"type":"info","level":2,"name":"huaji-xiuxian","meta":{"paths":[]},"content":"huaji-xiuxian 插件已加载，发送 我要修仙 开始游戏~","timestamp":1780660915285}
{"id":994,"type":"info","level":2,"name":"hmr","meta":{"paths":["jks3uk"]},"content":"reload plugin at \u001b[38;5;160mexternal\\huaji-xiuxian\\src\\index.ts\u001b[0m","timestamp":1780660915286}
{"id":1001,"type":"info","level":2,"name":"sqlite","meta":{"paths":["ylldu6"]},"content":"auto creating table \u001b[38;5;170mxiuxian_meta\u001b[0m","timestamp":1780660915291}
{"id":1039,"type":"info","level":2,"name":"huaji-xiuxian","meta":{"paths":["duexwm"]},"content":"已创建预设宗门：青冥剑宗","timestamp":1780660915308}
{"id":1043,"type":"info","level":2,"name":"huaji-xiuxian","meta":{"paths":["duexwm"]},"content":"已有账号默认归一为散修（共 7 人，调整 0 人）","timestamp":1780660915310}
{"id":1046,"type":"info","level":2,"name":"huaji-xiuxian","meta":{"paths":["duexwm"]},"content":"已创建预设宗门：玄水灵府","timestamp":1780660915312}
{"id":1050,"type":"info","level":2,"name":"huaji-xiuxian","meta":{"paths":["duexwm"]},"content":"已创建预设宗门：赤焰焚天阁","timestamp":1780660915315}
{"id":1054,"type":"info","level":2,"name":"huaji-xiuxian","meta":{"paths":["duexwm"]},"content":"已创建预设宗门：厚土万岳门","timestamp":1780660915318}
{"id":1074,"type":"info","level":2,"name":"loader","meta":{"paths":[]},"content":"unload plugin \u001b[38;5;45mhuaji-xiuxian:duexwm\u001b[0m","timestamp":1780660948009}
{"id":1075,"type":"info","level":2,"name":"loader","meta":{"paths":[]},"content":"apply plugin \u001b[38;5;45mhuaji-xiuxian:duexwm\u001b[0m","timestamp":1780660970730}
{"id":1076,"type":"info","level":2,"name":"huaji-xiuxian:data","meta":{},"content":"游戏数据加载完成：境界 38 个，灵根 8 种，物品 320 件","timestamp":1780660970735}
{"id":1077,"type":"warn","level":2,"name":"app","meta":{"paths":[]},"content":"Error: property xiuxian is not registered, declare it as `inject` to suppress this warning\n    at Object.apply (D:\\project\\koishi-plugin-xiuxian\\koishi-app\\external\\huaji-xiuxian\\src\\index.ts:41:9)\n    at MainScope.apply (D:\\project\\koishi-plugin-xiuxian\\koishi-app\\node_modules\\@cordisjs\\core\\src\\scope.ts:362:26)\n    at <anonymous> (D:\\project\\koishi-plugin-xiuxian\\koishi-app\\node_modules\\@cordisjs\\core\\src\\scope.ts:389:49)\n    at MainScope.ensure (D:\\project\\koishi-plugin-xiuxian\\koishi-app\\node_modules\\@cordisjs\\core\\src\\scope.ts:150:18)\n    at MainScope.start (D:\\project\\koishi-plugin-xiuxian\\koishi-app\\node_modules\\@cordisjs\\core\\src\\scope.ts:389:12)\n    at MainScope.init (D:\\project\\koishi-plugin-xiuxian\\koishi-app\\node_modules\\@cordisjs\\core\\src\\scope.ts:189:12)\n    at new MainScope (D:\\project\\koishi-plugin-xiuxian\\koishi-app\\node_modules\\@cordisjs\\core\\src\\scope.ts:327:12)\n    at Proxy.plugin (D:\\project\\koishi-plugin-xiuxian\\koishi-app\\node_modules\\@cordisjs\\core\\src\\registry.ts:207:15)\n    at Proxy.inject (D:\\project\\koishi-plugin-xiuxian\\koishi-app\\node_modules\\@cordisjs\\core\\src\\registry.ts:179:17)","timestamp":1780660970738}
{"id":1078,"type":"warn","level":2,"name":"app","meta":{"paths":[]},"content":"Error: property xiuxian is not registered, declare it as `inject` to suppress this warning\n    at Object.apply (D:\\project\\koishi-plugin-xiuxian\\koishi-app\\external\\huaji-xiuxian\\src\\index.ts:44:9)\n    at MainScope.apply (D:\\project\\koishi-plugin-xiuxian\\koishi-app\\node_modules\\@cordisjs\\core\\src\\scope.ts:362:26)\n    at <anonymous> (D:\\project\\koishi-plugin-xiuxian\\koishi-app\\node_modules\\@cordisjs\\core\\src\\scope.ts:389:49)\n    at MainScope.ensure (D:\\project\\koishi-plugin-xiuxian\\koishi-app\\node_modules\\@cordisjs\\core\\src\\scope.ts:150:18)\n    at MainScope.start (D:\\project\\koishi-plugin-xiuxian\\koishi-app\\node_modules\\@cordisjs\\core\\src\\scope.ts:389:12)\n    at MainScope.init (D:\\project\\koishi-plugin-xiuxian\\koishi-app\\node_modules\\@cordisjs\\core\\src\\scope.ts:189:12)\n    at new MainScope (D:\\project\\koishi-plugin-xiuxian\\koishi-app\\node_modules\\@cordisjs\\core\\src\\scope.ts:327:12)\n    at Proxy.plugin (D:\\project\\koishi-plugin-xiuxian\\koishi-app\\node_modules\\@cordisjs\\core\\src\\registry.ts:207:15)\n    at Proxy.inject (D:\\project\\koishi-plugin-xiuxian\\koishi-app\\node_modules\\@cordisjs\\core\\src\\registry.ts:179:17)","timestamp":1780660970739}
{"id":1079,"type":"warn","level":2,"name":"app","meta":{"paths":[]},"content":"Error: property xiuxian is not registered, declare it as `inject` to suppress this warning\n    at Object.apply (D:\\project\\koishi-plugin-xiuxian\\koishi-app\\external\\huaji-xiuxian\\src\\index.ts:47:9)\n    at MainScope.apply (D:\\project\\koishi-plugin-xiuxian\\koishi-app\\node_modules\\@cordisjs\\core\\src\\scope.ts:362:26)\n    at <anonymous> (D:\\project\\koishi-plugin-xiuxian\\koishi-app\\node_modules\\@cordisjs\\core\\src\\scope.ts:389:49)\n    at MainScope.ensure (D:\\project\\koishi-plugin-xiuxian\\koishi-app\\node_modules\\@cordisjs\\core\\src\\scope.ts:150:18)\n    at MainScope.start (D:\\project\\koishi-plugin-xiuxian\\koishi-app\\node_modules\\@cordisjs\\core\\src\\scope.ts:389:12)\n    at MainScope.init (D:\\project\\koishi-plugin-xiuxian\\koishi-app\\node_modules\\@cordisjs\\core\\src\\scope.ts:189:12)\n    at new MainScope (D:\\project\\koishi-plugin-xiuxian\\koishi-app\\node_modules\\@cordisjs\\core\\src\\scope.ts:327:12)\n    at Proxy.plugin (D:\\project\\koishi-plugin-xiuxian\\koishi-app\\node_modules\\@cordisjs\\core\\src\\registry.ts:207:15)\n    at Proxy.inject (D:\\project\\koishi-plugin-xiuxian\\koishi-app\\node_modules\\@cordisjs\\core\\src\\registry.ts:179:17)","timestamp":1780660970740}
{"id":1080,"type":"info","level":2,"name":"huaji-xiuxian","meta":{"paths":[]},"content":"huaji-xiuxian 插件已加载，发送 我要修仙 开始游戏~","timestamp":1780660970766}
