{"id":1,"type":"info","level":2,"name":"app","meta":{},"content":"\u001b[38;5;15;1mKoishi/4.18.11\u001b[0m","timestamp":1780665798122}
{"id":2,"type":"info","level":2,"name":"loader","meta":{"paths":[]},"content":"apply plugin \u001b[38;5;45mgroup:entry\u001b[0m","timestamp":1780665798138}
{"id":3,"type":"info","level":2,"name":"loader","meta":{"paths":[]},"content":"apply plugin \u001b[38;5;45mgroup:server\u001b[0m","timestamp":1780665798139}
{"id":4,"type":"info","level":2,"name":"loader","meta":{"paths":[]},"content":"apply plugin \u001b[38;5;45mserver:p5vgxw\u001b[0m","timestamp":1780665798139}
{"id":5,"type":"info","level":2,"name":"loader","meta":{"paths":[]},"content":"apply plugin \u001b[38;5;45mgroup:basic\u001b[0m","timestamp":1780665798329}
{"id":6,"type":"info","level":2,"name":"loader","meta":{"paths":[]},"content":"apply plugin \u001b[38;5;45mcommands:ckqanq\u001b[0m","timestamp":1780665798329}
{"id":7,"type":"info","level":2,"name":"loader","meta":{"paths":[]},"content":"apply plugin \u001b[38;5;45mhelp:do3b4q\u001b[0m","timestamp":1780665798335}
{"id":8,"type":"info","level":2,"name":"loader","meta":{"paths":[]},"content":"apply plugin \u001b[38;5;45mhttp:ktv517\u001b[0m","timestamp":1780665798340}
{"id":9,"type":"info","level":2,"name":"loader","meta":{"paths":[]},"content":"apply plugin \u001b[38;5;45mlocales:yzwfva\u001b[0m","timestamp":1780665798344}
{"id":10,"type":"info","level":2,"name":"loader","meta":{"paths":[]},"content":"apply plugin \u001b[38;5;45mproxy-agent:wxbshp\u001b[0m","timestamp":1780665798356}
{"id":11,"type":"info","level":2,"name":"loader","meta":{"paths":[]},"content":"apply plugin \u001b[38;5;45mrate-limit:g1qwdv\u001b[0m","timestamp":1780665798448}
{"id":12,"type":"info","level":2,"name":"loader","meta":{"paths":[]},"content":"apply plugin \u001b[38;5;45mtelemetry:9o4qn9\u001b[0m","timestamp":1780665798458}
{"id":13,"type":"info","level":2,"name":"loader","meta":{"paths":[]},"content":"apply plugin \u001b[38;5;45mgroup:console\u001b[0m","timestamp":1780665798480}
{"id":14,"type":"info","level":2,"name":"loader","meta":{"paths":[]},"content":"apply plugin \u001b[38;5;45mactions:fqxmz1\u001b[0m","timestamp":1780665798481}
{"id":15,"type":"info","level":2,"name":"loader","meta":{"paths":[]},"content":"apply plugin \u001b[38;5;45manalytics:pe7f1n\u001b[0m","timestamp":1780665798489}
{"id":16,"type":"info","level":2,"name":"loader","meta":{"paths":[]},"content":"apply plugin \u001b[38;5;45mconfig:sxmcu9\u001b[0m","timestamp":1780665798502}
{"id":17,"type":"info","level":2,"name":"loader","meta":{"paths":[]},"content":"apply plugin \u001b[38;5;45mconsole:y8id5p\u001b[0m","timestamp":1780665798549}
{"id":18,"type":"info","level":2,"name":"loader","meta":{"paths":[]},"content":"apply plugin \u001b[38;5;45mdataview:4tqnl0\u001b[0m","timestamp":1780665798567}
{"id":19,"type":"info","level":2,"name":"loader","meta":{"paths":[]},"content":"apply plugin \u001b[38;5;45mexplorer:c556ld\u001b[0m","timestamp":1780665798579}
{"id":20,"type":"info","level":2,"name":"loader","meta":{"paths":[]},"content":"apply plugin \u001b[38;5;45mlogger:u8sxc2\u001b[0m","timestamp":1780665798602}
{"id":21,"type":"info","level":2,"name":"loader","meta":{"paths":[]},"content":"apply plugin \u001b[38;5;45minsight:kx9h2z\u001b[0m","timestamp":1780665798613}
{"id":22,"type":"info","level":2,"name":"loader","meta":{"paths":[]},"content":"apply plugin \u001b[38;5;45mmarket:6vlzmo\u001b[0m","timestamp":1780665798622}
{"id":23,"type":"info","level":2,"name":"loader","meta":{"paths":[]},"content":"apply plugin \u001b[38;5;45mnotifier:iors19\u001b[0m","timestamp":1780665798677}
{"id":24,"type":"info","level":2,"name":"loader","meta":{"paths":[]},"content":"apply plugin \u001b[38;5;45moobe:mvnpze\u001b[0m","timestamp":1780665798684}
{"id":25,"type":"info","level":2,"name":"loader","meta":{"paths":[]},"content":"apply plugin \u001b[38;5;45msandbox:5fdj6q\u001b[0m","timestamp":1780665798690}
{"id":26,"type":"info","level":2,"name":"loader","meta":{"paths":[]},"content":"apply plugin \u001b[38;5;45mstatus:iweqrx\u001b[0m","timestamp":1780665798702}
{"id":27,"type":"info","level":2,"name":"loader","meta":{"paths":[]},"content":"apply plugin \u001b[38;5;45mtheme-vanilla:ip0ven\u001b[0m","timestamp":1780665798730}
{"id":28,"type":"info","level":2,"name":"loader","meta":{"paths":[]},"content":"apply plugin \u001b[38;5;45mgroup:storage\u001b[0m","timestamp":1780665798739}
{"id":29,"type":"info","level":2,"name":"loader","meta":{"paths":[]},"content":"apply plugin \u001b[38;5;45mdatabase-sqlite:ylldu6\u001b[0m","timestamp":1780665798740}
{"id":30,"type":"info","level":2,"name":"loader","meta":{"paths":[]},"content":"apply plugin \u001b[38;5;45massets-local:12ryfk\u001b[0m","timestamp":1780665798788}
{"id":31,"type":"info","level":2,"name":"loader","meta":{"paths":[]},"content":"apply plugin \u001b[38;5;45mgroup:adapter\u001b[0m","timestamp":1780665798806}
{"id":32,"type":"info","level":2,"name":"loader","meta":{"paths":[]},"content":"apply plugin \u001b[38;5;45mgroup:develop\u001b[0m","timestamp":1780665798807}
{"id":33,"type":"info","level":2,"name":"loader","meta":{"paths":[]},"content":"apply plugin \u001b[38;5;45mhmr:jks3uk\u001b[0m","timestamp":1780665798807}
{"id":34,"type":"info","level":2,"name":"loader","meta":{"paths":[]},"content":"apply plugin \u001b[38;5;45mhuaji-xiuxian:duexwm\u001b[0m","timestamp":1780665798848}
{"id":35,"type":"info","level":2,"name":"loader","meta":{"paths":[]},"content":"apply plugin \u001b[38;5;45mmonetary:ji69dl\u001b[0m","timestamp":1780665799124}
{"id":36,"type":"info","level":2,"name":"loader","meta":{"paths":[]},"content":"apply plugin \u001b[38;5;45msmmcat-signin:kck24c\u001b[0m","timestamp":1780665799134}
{"id":37,"type":"info","level":2,"name":"assets","meta":{"paths":["12ryfk"]},"content":"missing config \"selfUrl\", fallback to \"file:\" scheme","timestamp":1780665799203}
{"id":38,"type":"info","level":2,"name":"server","meta":{"paths":["p5vgxw"]},"content":"server listening at \u001b[38;5;57mhttp://127.0.0.1:5140\u001b[0m","timestamp":1780665799702}
{"id":39,"type":"warn","level":2,"name":"app","meta":{"paths":["duexwm"]},"content":"Error: property xiuxian is not registered, declare it as `inject` to suppress this warning\n    at Object.apply (D:\\project\\koishi-plugin-xiuxian\\koishi-app\\external\\huaji-xiuxian\\src\\index.ts:41:9)\n    at MainScope.apply (D:\\project\\koishi-plugin-xiuxian\\koishi-app\\node_modules\\@cordisjs\\core\\src\\scope.ts:362:26)\n    at <anonymous> (D:\\project\\koishi-plugin-xiuxian\\koishi-app\\node_modules\\@cordisjs\\core\\src\\scope.ts:389:49)\n    at MainScope.ensure (D:\\project\\koishi-plugin-xiuxian\\koishi-app\\node_modules\\@cordisjs\\core\\src\\scope.ts:150:18)\n    at MainScope.start (D:\\project\\koishi-plugin-xiuxian\\koishi-app\\node_modules\\@cordisjs\\core\\src\\scope.ts:389:12)\n    at MainScope.init (D:\\project\\koishi-plugin-xiuxian\\koishi-app\\node_modules\\@cordisjs\\core\\src\\scope.ts:189:12)\n    at new MainScope (D:\\project\\koishi-plugin-xiuxian\\koishi-app\\node_modules\\@cordisjs\\core\\src\\scope.ts:327:12)\n    at Proxy.plugin (D:\\project\\koishi-plugin-xiuxian\\koishi-app\\node_modules\\@cordisjs\\core\\src\\registry.ts:207:15)\n    at Proxy.inject (D:\\project\\koishi-plugin-xiuxian\\koishi-app\\node_modules\\@cordisjs\\core\\src\\registry.ts:179:17)","timestamp":1780665799745}
{"id":40,"type":"warn","level":2,"name":"app","meta":{"paths":["duexwm"]},"content":"Error: property xiuxian is not registered, declare it as `inject` to suppress this warning\n    at Object.apply (D:\\project\\koishi-plugin-xiuxian\\koishi-app\\external\\huaji-xiuxian\\src\\index.ts:44:9)\n    at MainScope.apply (D:\\project\\koishi-plugin-xiuxian\\koishi-app\\node_modules\\@cordisjs\\core\\src\\scope.ts:362:26)\n    at <anonymous> (D:\\project\\koishi-plugin-xiuxian\\koishi-app\\node_modules\\@cordisjs\\core\\src\\scope.ts:389:49)\n    at MainScope.ensure (D:\\project\\koishi-plugin-xiuxian\\koishi-app\\node_modules\\@cordisjs\\core\\src\\scope.ts:150:18)\n    at MainScope.start (D:\\project\\koishi-plugin-xiuxian\\koishi-app\\node_modules\\@cordisjs\\core\\src\\scope.ts:389:12)\n    at MainScope.init (D:\\project\\koishi-plugin-xiuxian\\koishi-app\\node_modules\\@cordisjs\\core\\src\\scope.ts:189:12)\n    at new MainScope (D:\\project\\koishi-plugin-xiuxian\\koishi-app\\node_modules\\@cordisjs\\core\\src\\scope.ts:327:12)\n    at Proxy.plugin (D:\\project\\koishi-plugin-xiuxian\\koishi-app\\node_modules\\@cordisjs\\core\\src\\registry.ts:207:15)\n    at Proxy.inject (D:\\project\\koishi-plugin-xiuxian\\koishi-app\\node_modules\\@cordisjs\\core\\src\\registry.ts:179:17)","timestamp":1780665799747}
{"id":41,"type":"warn","level":2,"name":"app","meta":{"paths":["duexwm"]},"content":"Error: property xiuxian is not registered, declare it as `inject` to suppress this warning\n    at Object.apply (D:\\project\\koishi-plugin-xiuxian\\koishi-app\\external\\huaji-xiuxian\\src\\index.ts:47:9)\n    at MainScope.apply (D:\\project\\koishi-plugin-xiuxian\\koishi-app\\node_modules\\@cordisjs\\core\\src\\scope.ts:362:26)\n    at <anonymous> (D:\\project\\koishi-plugin-xiuxian\\koishi-app\\node_modules\\@cordisjs\\core\\src\\scope.ts:389:49)\n    at MainScope.ensure (D:\\project\\koishi-plugin-xiuxian\\koishi-app\\node_modules\\@cordisjs\\core\\src\\scope.ts:150:18)\n    at MainScope.start (D:\\project\\koishi-plugin-xiuxian\\koishi-app\\node_modules\\@cordisjs\\core\\src\\scope.ts:389:12)\n    at MainScope.init (D:\\project\\koishi-plugin-xiuxian\\koishi-app\\node_modules\\@cordisjs\\core\\src\\scope.ts:189:12)\n    at new MainScope (D:\\project\\koishi-plugin-xiuxian\\koishi-app\\node_modules\\@cordisjs\\core\\src\\scope.ts:327:12)\n    at Proxy.plugin (D:\\project\\koishi-plugin-xiuxian\\koishi-app\\node_modules\\@cordisjs\\core\\src\\registry.ts:207:15)\n    at Proxy.inject (D:\\project\\koishi-plugin-xiuxian\\koishi-app\\node_modules\\@cordisjs\\core\\src\\registry.ts:179:17)","timestamp":1780665799749}
{"id":42,"type":"warn","level":2,"name":"app","meta":{"paths":["duexwm"]},"content":"Error: property xiuxian is not registered, declare it as `inject` to suppress this warning\n    at Object.apply (D:\\project\\koishi-plugin-xiuxian\\koishi-app\\external\\huaji-xiuxian\\src\\index.ts:50:9)\n    at MainScope.apply (D:\\project\\koishi-plugin-xiuxian\\koishi-app\\node_modules\\@cordisjs\\core\\src\\scope.ts:362:26)\n    at <anonymous> (D:\\project\\koishi-plugin-xiuxian\\koishi-app\\node_modules\\@cordisjs\\core\\src\\scope.ts:389:49)\n    at MainScope.ensure (D:\\project\\koishi-plugin-xiuxian\\koishi-app\\node_modules\\@cordisjs\\core\\src\\scope.ts:150:18)\n    at MainScope.start (D:\\project\\koishi-plugin-xiuxian\\koishi-app\\node_modules\\@cordisjs\\core\\src\\scope.ts:389:12)\n    at MainScope.init (D:\\project\\koishi-plugin-xiuxian\\koishi-app\\node_modules\\@cordisjs\\core\\src\\scope.ts:189:12)\n    at new MainScope (D:\\project\\koishi-plugin-xiuxian\\koishi-app\\node_modules\\@cordisjs\\core\\src\\scope.ts:327:12)\n    at Proxy.plugin (D:\\project\\koishi-plugin-xiuxian\\koishi-app\\node_modules\\@cordisjs\\core\\src\\registry.ts:207:15)\n    at Proxy.inject (D:\\project\\koishi-plugin-xiuxian\\koishi-app\\node_modules\\@cordisjs\\core\\src\\registry.ts:179:17)","timestamp":1780665799750}
{"id":43,"type":"info","level":2,"name":"huaji-xiuxian","meta":{"paths":["duexwm"]},"content":"huaji-xiuxian 插件已加载，发送 我要修仙 开始游戏~","timestamp":1780665799781}
{"id":51,"type":"info","level":2,"name":"sqlite","meta":{"paths":["ylldu6"]},"content":"auto updating table \u001b[38;5;170mxiuxian_player\u001b[0m","timestamp":1780665799801}
{"id":87,"type":"info","level":2,"name":"console","meta":{"paths":["y8id5p"]},"content":"webui is available at \u001b[38;5;166mhttp://127.0.0.1:5140\u001b[0m","timestamp":1780665799840}
{"id":137,"type":"warn","level":2,"name":"market","meta":{},"content":"request timeout","timestamp":1780665807608}
