{"id":1,"type":"info","level":2,"name":"app","meta":{},"content":"\u001b[38;5;15;1mKoishi/4.18.11\u001b[0m","timestamp":1780667279122}
{"id":2,"type":"info","level":2,"name":"loader","meta":{"paths":[]},"content":"apply plugin \u001b[38;5;45mgroup:entry\u001b[0m","timestamp":1780667279137}
{"id":3,"type":"info","level":2,"name":"loader","meta":{"paths":[]},"content":"apply plugin \u001b[38;5;45mgroup:server\u001b[0m","timestamp":1780667279138}
{"id":4,"type":"info","level":2,"name":"loader","meta":{"paths":[]},"content":"apply plugin \u001b[38;5;45mserver:p5vgxw\u001b[0m","timestamp":1780667279138}
{"id":5,"type":"info","level":2,"name":"loader","meta":{"paths":[]},"content":"apply plugin \u001b[38;5;45mgroup:basic\u001b[0m","timestamp":1780667279319}
{"id":6,"type":"info","level":2,"name":"loader","meta":{"paths":[]},"content":"apply plugin \u001b[38;5;45mcommands:ckqanq\u001b[0m","timestamp":1780667279319}
{"id":7,"type":"info","level":2,"name":"loader","meta":{"paths":[]},"content":"apply plugin \u001b[38;5;45mhelp:do3b4q\u001b[0m","timestamp":1780667279326}
{"id":8,"type":"info","level":2,"name":"loader","meta":{"paths":[]},"content":"apply plugin \u001b[38;5;45mhttp:ktv517\u001b[0m","timestamp":1780667279331}
{"id":9,"type":"info","level":2,"name":"loader","meta":{"paths":[]},"content":"apply plugin \u001b[38;5;45mlocales:yzwfva\u001b[0m","timestamp":1780667279336}
{"id":10,"type":"info","level":2,"name":"loader","meta":{"paths":[]},"content":"apply plugin \u001b[38;5;45mproxy-agent:wxbshp\u001b[0m","timestamp":1780667279347}
{"id":11,"type":"info","level":2,"name":"loader","meta":{"paths":[]},"content":"apply plugin \u001b[38;5;45mrate-limit:g1qwdv\u001b[0m","timestamp":1780667279434}
{"id":12,"type":"info","level":2,"name":"loader","meta":{"paths":[]},"content":"apply plugin \u001b[38;5;45mtelemetry:9o4qn9\u001b[0m","timestamp":1780667279444}
{"id":13,"type":"info","level":2,"name":"loader","meta":{"paths":[]},"content":"apply plugin \u001b[38;5;45mgroup:console\u001b[0m","timestamp":1780667279465}
{"id":14,"type":"info","level":2,"name":"loader","meta":{"paths":[]},"content":"apply plugin \u001b[38;5;45mactions:fqxmz1\u001b[0m","timestamp":1780667279465}
{"id":15,"type":"info","level":2,"name":"loader","meta":{"paths":[]},"content":"apply plugin \u001b[38;5;45manalytics:pe7f1n\u001b[0m","timestamp":1780667279472}
{"id":16,"type":"info","level":2,"name":"loader","meta":{"paths":[]},"content":"apply plugin \u001b[38;5;45mconfig:sxmcu9\u001b[0m","timestamp":1780667279481}
{"id":17,"type":"info","level":2,"name":"loader","meta":{"paths":[]},"content":"apply plugin \u001b[38;5;45mconsole:y8id5p\u001b[0m","timestamp":1780667279529}
{"id":18,"type":"info","level":2,"name":"loader","meta":{"paths":[]},"content":"apply plugin \u001b[38;5;45mdataview:4tqnl0\u001b[0m","timestamp":1780667279548}
{"id":19,"type":"info","level":2,"name":"loader","meta":{"paths":[]},"content":"apply plugin \u001b[38;5;45mexplorer:c556ld\u001b[0m","timestamp":1780667279561}
{"id":20,"type":"info","level":2,"name":"loader","meta":{"paths":[]},"content":"apply plugin \u001b[38;5;45mlogger:u8sxc2\u001b[0m","timestamp":1780667279582}
{"id":21,"type":"info","level":2,"name":"loader","meta":{"paths":[]},"content":"apply plugin \u001b[38;5;45minsight:kx9h2z\u001b[0m","timestamp":1780667279593}
{"id":22,"type":"info","level":2,"name":"loader","meta":{"paths":[]},"content":"apply plugin \u001b[38;5;45mmarket:6vlzmo\u001b[0m","timestamp":1780667279601}
{"id":23,"type":"info","level":2,"name":"loader","meta":{"paths":[]},"content":"apply plugin \u001b[38;5;45mnotifier:iors19\u001b[0m","timestamp":1780667279656}
{"id":24,"type":"info","level":2,"name":"loader","meta":{"paths":[]},"content":"apply plugin \u001b[38;5;45moobe:mvnpze\u001b[0m","timestamp":1780667279663}
{"id":25,"type":"info","level":2,"name":"loader","meta":{"paths":[]},"content":"apply plugin \u001b[38;5;45msandbox:5fdj6q\u001b[0m","timestamp":1780667279668}
{"id":26,"type":"info","level":2,"name":"loader","meta":{"paths":[]},"content":"apply plugin \u001b[38;5;45mstatus:iweqrx\u001b[0m","timestamp":1780667279680}
{"id":27,"type":"info","level":2,"name":"loader","meta":{"paths":[]},"content":"apply plugin \u001b[38;5;45mtheme-vanilla:ip0ven\u001b[0m","timestamp":1780667279708}
{"id":28,"type":"info","level":2,"name":"loader","meta":{"paths":[]},"content":"apply plugin \u001b[38;5;45mgroup:storage\u001b[0m","timestamp":1780667279716}
{"id":29,"type":"info","level":2,"name":"loader","meta":{"paths":[]},"content":"apply plugin \u001b[38;5;45mdatabase-sqlite:ylldu6\u001b[0m","timestamp":1780667279716}
{"id":30,"type":"info","level":2,"name":"loader","meta":{"paths":[]},"content":"apply plugin \u001b[38;5;45massets-local:12ryfk\u001b[0m","timestamp":1780667279735}
{"id":31,"type":"info","level":2,"name":"loader","meta":{"paths":[]},"content":"apply plugin \u001b[38;5;45mgroup:adapter\u001b[0m","timestamp":1780667279748}
{"id":32,"type":"info","level":2,"name":"loader","meta":{"paths":[]},"content":"apply plugin \u001b[38;5;45mgroup:develop\u001b[0m","timestamp":1780667279749}
{"id":33,"type":"info","level":2,"name":"loader","meta":{"paths":[]},"content":"apply plugin \u001b[38;5;45mhmr:jks3uk\u001b[0m","timestamp":1780667279749}
{"id":34,"type":"info","level":2,"name":"loader","meta":{"paths":[]},"content":"apply plugin \u001b[38;5;45mhuaji-xiuxian:duexwm\u001b[0m","timestamp":1780667279785}
{"id":35,"type":"info","level":2,"name":"loader","meta":{"paths":[]},"content":"apply plugin \u001b[38;5;45mmonetary:ji69dl\u001b[0m","timestamp":1780667280048}
{"id":36,"type":"info","level":2,"name":"loader","meta":{"paths":[]},"content":"apply plugin \u001b[38;5;45msmmcat-signin:kck24c\u001b[0m","timestamp":1780667280057}
{"id":37,"type":"info","level":2,"name":"assets","meta":{"paths":["12ryfk"]},"content":"missing config \"selfUrl\", fallback to \"file:\" scheme","timestamp":1780667280121}
{"id":38,"type":"info","level":2,"name":"server","meta":{"paths":["p5vgxw"]},"content":"server listening at \u001b[38;5;57mhttp://127.0.0.1:5140\u001b[0m","timestamp":1780667280572}
{"id":39,"type":"warn","level":2,"name":"app","meta":{"paths":["duexwm"]},"content":"Error: property xiuxian is not registered, declare it as `inject` to suppress this warning\n    at Object.apply (D:\\project\\koishi-plugin-xiuxian\\koishi-app\\external\\huaji-xiuxian\\src\\index.ts:41:9)\n    at MainScope.apply (D:\\project\\koishi-plugin-xiuxian\\koishi-app\\node_modules\\@cordisjs\\core\\src\\scope.ts:362:26)\n    at <anonymous> (D:\\project\\koishi-plugin-xiuxian\\koishi-app\\node_modules\\@cordisjs\\core\\src\\scope.ts:389:49)\n    at MainScope.ensure (D:\\project\\koishi-plugin-xiuxian\\koishi-app\\node_modules\\@cordisjs\\core\\src\\scope.ts:150:18)\n    at MainScope.start (D:\\project\\koishi-plugin-xiuxian\\koishi-app\\node_modules\\@cordisjs\\core\\src\\scope.ts:389:12)\n    at MainScope.init (D:\\project\\koishi-plugin-xiuxian\\koishi-app\\node_modules\\@cordisjs\\core\\src\\scope.ts:189:12)\n    at new MainScope (D:\\project\\koishi-plugin-xiuxian\\koishi-app\\node_modules\\@cordisjs\\core\\src\\scope.ts:327:12)\n    at Proxy.plugin (D:\\project\\koishi-plugin-xiuxian\\koishi-app\\node_modules\\@cordisjs\\core\\src\\registry.ts:207:15)\n    at Proxy.inject (D:\\project\\koishi-plugin-xiuxian\\koishi-app\\node_modules\\@cordisjs\\core\\src\\registry.ts:179:17)","timestamp":1780667280614}
{"id":40,"type":"warn","level":2,"name":"app","meta":{"paths":["duexwm"]},"content":"Error: property xiuxian is not registered, declare it as `inject` to suppress this warning\n    at Object.apply (D:\\project\\koishi-plugin-xiuxian\\koishi-app\\external\\huaji-xiuxian\\src\\index.ts:44:9)\n    at MainScope.apply (D:\\project\\koishi-plugin-xiuxian\\koishi-app\\node_modules\\@cordisjs\\core\\src\\scope.ts:362:26)\n    at <anonymous> (D:\\project\\koishi-plugin-xiuxian\\koishi-app\\node_modules\\@cordisjs\\core\\src\\scope.ts:389:49)\n    at MainScope.ensure (D:\\project\\koishi-plugin-xiuxian\\koishi-app\\node_modules\\@cordisjs\\core\\src\\scope.ts:150:18)\n    at MainScope.start (D:\\project\\koishi-plugin-xiuxian\\koishi-app\\node_modules\\@cordisjs\\core\\src\\scope.ts:389:12)\n    at MainScope.init (D:\\project\\koishi-plugin-xiuxian\\koishi-app\\node_modules\\@cordisjs\\core\\src\\scope.ts:189:12)\n    at new MainScope (D:\\project\\koishi-plugin-xiuxian\\koishi-app\\node_modules\\@cordisjs\\core\\src\\scope.ts:327:12)\n    at Proxy.plugin (D:\\project\\koishi-plugin-xiuxian\\koishi-app\\node_modules\\@cordisjs\\core\\src\\registry.ts:207:15)\n    at Proxy.inject (D:\\project\\koishi-plugin-xiuxian\\koishi-app\\node_modules\\@cordisjs\\core\\src\\registry.ts:179:17)","timestamp":1780667280616}
{"id":41,"type":"warn","level":2,"name":"app","meta":{"paths":["duexwm"]},"content":"Error: property xiuxian is not registered, declare it as `inject` to suppress this warning\n    at Object.apply (D:\\project\\koishi-plugin-xiuxian\\koishi-app\\external\\huaji-xiuxian\\src\\index.ts:47:9)\n    at MainScope.apply (D:\\project\\koishi-plugin-xiuxian\\koishi-app\\node_modules\\@cordisjs\\core\\src\\scope.ts:362:26)\n    at <anonymous> (D:\\project\\koishi-plugin-xiuxian\\koishi-app\\node_modules\\@cordisjs\\core\\src\\scope.ts:389:49)\n    at MainScope.ensure (D:\\project\\koishi-plugin-xiuxian\\koishi-app\\node_modules\\@cordisjs\\core\\src\\scope.ts:150:18)\n    at MainScope.start (D:\\project\\koishi-plugin-xiuxian\\koishi-app\\node_modules\\@cordisjs\\core\\src\\scope.ts:389:12)\n    at MainScope.init (D:\\project\\koishi-plugin-xiuxian\\koishi-app\\node_modules\\@cordisjs\\core\\src\\scope.ts:189:12)\n    at new MainScope (D:\\project\\koishi-plugin-xiuxian\\koishi-app\\node_modules\\@cordisjs\\core\\src\\scope.ts:327:12)\n    at Proxy.plugin (D:\\project\\koishi-plugin-xiuxian\\koishi-app\\node_modules\\@cordisjs\\core\\src\\registry.ts:207:15)\n    at Proxy.inject (D:\\project\\koishi-plugin-xiuxian\\koishi-app\\node_modules\\@cordisjs\\core\\src\\registry.ts:179:17)","timestamp":1780667280617}
{"id":42,"type":"warn","level":2,"name":"app","meta":{"paths":["duexwm"]},"content":"Error: property xiuxian is not registered, declare it as `inject` to suppress this warning\n    at Object.apply (D:\\project\\koishi-plugin-xiuxian\\koishi-app\\external\\huaji-xiuxian\\src\\index.ts:50:9)\n    at MainScope.apply (D:\\project\\koishi-plugin-xiuxian\\koishi-app\\node_modules\\@cordisjs\\core\\src\\scope.ts:362:26)\n    at <anonymous> (D:\\project\\koishi-plugin-xiuxian\\koishi-app\\node_modules\\@cordisjs\\core\\src\\scope.ts:389:49)\n    at MainScope.ensure (D:\\project\\koishi-plugin-xiuxian\\koishi-app\\node_modules\\@cordisjs\\core\\src\\scope.ts:150:18)\n    at MainScope.start (D:\\project\\koishi-plugin-xiuxian\\koishi-app\\node_modules\\@cordisjs\\core\\src\\scope.ts:389:12)\n    at MainScope.init (D:\\project\\koishi-plugin-xiuxian\\koishi-app\\node_modules\\@cordisjs\\core\\src\\scope.ts:189:12)\n    at new MainScope (D:\\project\\koishi-plugin-xiuxian\\koishi-app\\node_modules\\@cordisjs\\core\\src\\scope.ts:327:12)\n    at Proxy.plugin (D:\\project\\koishi-plugin-xiuxian\\koishi-app\\node_modules\\@cordisjs\\core\\src\\registry.ts:207:15)\n    at Proxy.inject (D:\\project\\koishi-plugin-xiuxian\\koishi-app\\node_modules\\@cordisjs\\core\\src\\registry.ts:179:17)","timestamp":1780667280618}
{"id":43,"type":"info","level":2,"name":"huaji-xiuxian","meta":{"paths":["duexwm"]},"content":"huaji-xiuxian 插件已加载，发送 我要修仙 开始游戏~","timestamp":1780667280650}
{"id":82,"type":"info","level":2,"name":"console","meta":{"paths":["y8id5p"]},"content":"webui is available at \u001b[38;5;166mhttp://127.0.0.1:5140\u001b[0m","timestamp":1780667280702}
