{"id":1,"type":"info","level":2,"name":"app","meta":{},"content":"\u001b[38;5;15;1mKoishi/4.18.11\u001b[0m","timestamp":1780746983927}
{"id":2,"type":"info","level":2,"name":"loader","meta":{"paths":[]},"content":"apply plugin \u001b[38;5;45mgroup:entry\u001b[0m","timestamp":1780746983941}
{"id":3,"type":"info","level":2,"name":"loader","meta":{"paths":[]},"content":"apply plugin \u001b[38;5;45mgroup:server\u001b[0m","timestamp":1780746983942}
{"id":4,"type":"info","level":2,"name":"loader","meta":{"paths":[]},"content":"apply plugin \u001b[38;5;45mserver:p5vgxw\u001b[0m","timestamp":1780746983942}
{"id":5,"type":"info","level":2,"name":"loader","meta":{"paths":[]},"content":"apply plugin \u001b[38;5;45mgroup:basic\u001b[0m","timestamp":1780746984102}
{"id":6,"type":"info","level":2,"name":"loader","meta":{"paths":[]},"content":"apply plugin \u001b[38;5;45mcommands:ckqanq\u001b[0m","timestamp":1780746984103}
{"id":7,"type":"info","level":2,"name":"loader","meta":{"paths":[]},"content":"apply plugin \u001b[38;5;45mhelp:do3b4q\u001b[0m","timestamp":1780746984109}
{"id":8,"type":"info","level":2,"name":"loader","meta":{"paths":[]},"content":"apply plugin \u001b[38;5;45mhttp:ktv517\u001b[0m","timestamp":1780746984115}
{"id":9,"type":"info","level":2,"name":"loader","meta":{"paths":[]},"content":"apply plugin \u001b[38;5;45mlocales:yzwfva\u001b[0m","timestamp":1780746984119}
{"id":10,"type":"info","level":2,"name":"loader","meta":{"paths":[]},"content":"apply plugin \u001b[38;5;45mproxy-agent:wxbshp\u001b[0m","timestamp":1780746984134}
{"id":11,"type":"info","level":2,"name":"loader","meta":{"paths":[]},"content":"apply plugin \u001b[38;5;45mrate-limit:g1qwdv\u001b[0m","timestamp":1780746984212}
{"id":12,"type":"info","level":2,"name":"loader","meta":{"paths":[]},"content":"apply plugin \u001b[38;5;45mtelemetry:9o4qn9\u001b[0m","timestamp":1780746984221}
{"id":13,"type":"info","level":2,"name":"loader","meta":{"paths":[]},"content":"apply plugin \u001b[38;5;45mgroup:console\u001b[0m","timestamp":1780746984240}
{"id":14,"type":"info","level":2,"name":"loader","meta":{"paths":[]},"content":"apply plugin \u001b[38;5;45mactions:fqxmz1\u001b[0m","timestamp":1780746984240}
{"id":15,"type":"info","level":2,"name":"loader","meta":{"paths":[]},"content":"apply plugin \u001b[38;5;45manalytics:pe7f1n\u001b[0m","timestamp":1780746984246}
{"id":16,"type":"info","level":2,"name":"loader","meta":{"paths":[]},"content":"apply plugin \u001b[38;5;45mconfig:sxmcu9\u001b[0m","timestamp":1780746984255}
{"id":17,"type":"info","level":2,"name":"loader","meta":{"paths":[]},"content":"apply plugin \u001b[38;5;45mconsole:y8id5p\u001b[0m","timestamp":1780746984298}
{"id":18,"type":"info","level":2,"name":"loader","meta":{"paths":[]},"content":"apply plugin \u001b[38;5;45mdataview:4tqnl0\u001b[0m","timestamp":1780746984316}
{"id":19,"type":"info","level":2,"name":"loader","meta":{"paths":[]},"content":"apply plugin \u001b[38;5;45mexplorer:c556ld\u001b[0m","timestamp":1780746984328}
{"id":20,"type":"info","level":2,"name":"loader","meta":{"paths":[]},"content":"apply plugin \u001b[38;5;45mlogger:u8sxc2\u001b[0m","timestamp":1780746984349}
{"id":21,"type":"info","level":2,"name":"loader","meta":{"paths":[]},"content":"apply plugin \u001b[38;5;45minsight:kx9h2z\u001b[0m","timestamp":1780746984359}
{"id":22,"type":"info","level":2,"name":"loader","meta":{"paths":[]},"content":"apply plugin \u001b[38;5;45mmarket:6vlzmo\u001b[0m","timestamp":1780746984368}
{"id":23,"type":"info","level":2,"name":"loader","meta":{"paths":[]},"content":"apply plugin \u001b[38;5;45mnotifier:iors19\u001b[0m","timestamp":1780746984417}
{"id":24,"type":"info","level":2,"name":"loader","meta":{"paths":[]},"content":"apply plugin \u001b[38;5;45moobe:mvnpze\u001b[0m","timestamp":1780746984423}
{"id":25,"type":"info","level":2,"name":"loader","meta":{"paths":[]},"content":"apply plugin \u001b[38;5;45msandbox:5fdj6q\u001b[0m","timestamp":1780746984429}
{"id":26,"type":"info","level":2,"name":"loader","meta":{"paths":[]},"content":"apply plugin \u001b[38;5;45mstatus:iweqrx\u001b[0m","timestamp":1780746984440}
{"id":27,"type":"info","level":2,"name":"loader","meta":{"paths":[]},"content":"apply plugin \u001b[38;5;45mtheme-vanilla:ip0ven\u001b[0m","timestamp":1780746984467}
{"id":28,"type":"info","level":2,"name":"loader","meta":{"paths":[]},"content":"apply plugin \u001b[38;5;45mgroup:storage\u001b[0m","timestamp":1780746984475}
{"id":29,"type":"info","level":2,"name":"loader","meta":{"paths":[]},"content":"apply plugin \u001b[38;5;45mdatabase-sqlite:ylldu6\u001b[0m","timestamp":1780746984475}
{"id":30,"type":"info","level":2,"name":"loader","meta":{"paths":[]},"content":"apply plugin \u001b[38;5;45massets-local:12ryfk\u001b[0m","timestamp":1780746984493}
{"id":31,"type":"info","level":2,"name":"loader","meta":{"paths":[]},"content":"apply plugin \u001b[38;5;45mgroup:adapter\u001b[0m","timestamp":1780746984508}
{"id":32,"type":"info","level":2,"name":"loader","meta":{"paths":[]},"content":"apply plugin \u001b[38;5;45mgroup:develop\u001b[0m","timestamp":1780746984508}
{"id":33,"type":"info","level":2,"name":"loader","meta":{"paths":[]},"content":"apply plugin \u001b[38;5;45mhmr:jks3uk\u001b[0m","timestamp":1780746984508}
{"id":34,"type":"info","level":2,"name":"loader","meta":{"paths":[]},"content":"apply plugin \u001b[38;5;45mhuaji-xiuxian:duexwm\u001b[0m","timestamp":1780746984544}
{"id":35,"type":"info","level":2,"name":"loader","meta":{"paths":[]},"content":"apply plugin \u001b[38;5;45mmonetary:ji69dl\u001b[0m","timestamp":1780746984787}
{"id":36,"type":"info","level":2,"name":"loader","meta":{"paths":[]},"content":"apply plugin \u001b[38;5;45msmmcat-signin:kck24c\u001b[0m","timestamp":1780746984795}
{"id":37,"type":"info","level":2,"name":"assets","meta":{"paths":["12ryfk"]},"content":"missing config \"selfUrl\", fallback to \"file:\" scheme","timestamp":1780746984854}
{"id":38,"type":"info","level":2,"name":"server","meta":{"paths":["p5vgxw"]},"content":"server listening at \u001b[38;5;57mhttp://127.0.0.1:5140\u001b[0m","timestamp":1780746985288}
{"id":39,"type":"info","level":2,"name":"huaji-xiuxian","meta":{"paths":["duexwm"]},"content":"已注册每日 0 点自动刷新任务","timestamp":1780746985328}
{"id":40,"type":"warn","level":2,"name":"app","meta":{"paths":["duexwm"]},"content":"Error: property xiuxian is not registered, declare it as `inject` to suppress this warning\n    at Object.apply (D:\\project\\koishi-plugin-xiuxian\\koishi-app\\external\\huaji-xiuxian\\src\\index.ts:43:9)\n    at MainScope.apply (D:\\project\\koishi-plugin-xiuxian\\koishi-app\\node_modules\\@cordisjs\\core\\src\\scope.ts:362:26)\n    at <anonymous> (D:\\project\\koishi-plugin-xiuxian\\koishi-app\\node_modules\\@cordisjs\\core\\src\\scope.ts:389:49)\n    at MainScope.ensure (D:\\project\\koishi-plugin-xiuxian\\koishi-app\\node_modules\\@cordisjs\\core\\src\\scope.ts:150:18)\n    at MainScope.start (D:\\project\\koishi-plugin-xiuxian\\koishi-app\\node_modules\\@cordisjs\\core\\src\\scope.ts:389:12)\n    at MainScope.init (D:\\project\\koishi-plugin-xiuxian\\koishi-app\\node_modules\\@cordisjs\\core\\src\\scope.ts:189:12)\n    at new MainScope (D:\\project\\koishi-plugin-xiuxian\\koishi-app\\node_modules\\@cordisjs\\core\\src\\scope.ts:327:12)\n    at Proxy.plugin (D:\\project\\koishi-plugin-xiuxian\\koishi-app\\node_modules\\@cordisjs\\core\\src\\registry.ts:207:15)\n    at Proxy.inject (D:\\project\\koishi-plugin-xiuxian\\koishi-app\\node_modules\\@cordisjs\\core\\src\\registry.ts:179:17)","timestamp":1780746985331}
{"id":41,"type":"warn","level":2,"name":"app","meta":{"paths":["duexwm"]},"content":"Error: property xiuxian is not registered, declare it as `inject` to suppress this warning\n    at Object.apply (D:\\project\\koishi-plugin-xiuxian\\koishi-app\\external\\huaji-xiuxian\\src\\index.ts:46:9)\n    at MainScope.apply (D:\\project\\koishi-plugin-xiuxian\\koishi-app\\node_modules\\@cordisjs\\core\\src\\scope.ts:362:26)\n    at <anonymous> (D:\\project\\koishi-plugin-xiuxian\\koishi-app\\node_modules\\@cordisjs\\core\\src\\scope.ts:389:49)\n    at MainScope.ensure (D:\\project\\koishi-plugin-xiuxian\\koishi-app\\node_modules\\@cordisjs\\core\\src\\scope.ts:150:18)\n    at MainScope.start (D:\\project\\koishi-plugin-xiuxian\\koishi-app\\node_modules\\@cordisjs\\core\\src\\scope.ts:389:12)\n    at MainScope.init (D:\\project\\koishi-plugin-xiuxian\\koishi-app\\node_modules\\@cordisjs\\core\\src\\scope.ts:189:12)\n    at new MainScope (D:\\project\\koishi-plugin-xiuxian\\koishi-app\\node_modules\\@cordisjs\\core\\src\\scope.ts:327:12)\n    at Proxy.plugin (D:\\project\\koishi-plugin-xiuxian\\koishi-app\\node_modules\\@cordisjs\\core\\src\\registry.ts:207:15)\n    at Proxy.inject (D:\\project\\koishi-plugin-xiuxian\\koishi-app\\node_modules\\@cordisjs\\core\\src\\registry.ts:179:17)","timestamp":1780746985334}
{"id":42,"type":"warn","level":2,"name":"app","meta":{"paths":["duexwm"]},"content":"Error: property xiuxian is not registered, declare it as `inject` to suppress this warning\n    at Object.apply (D:\\project\\koishi-plugin-xiuxian\\koishi-app\\external\\huaji-xiuxian\\src\\index.ts:49:9)\n    at MainScope.apply (D:\\project\\koishi-plugin-xiuxian\\koishi-app\\node_modules\\@cordisjs\\core\\src\\scope.ts:362:26)\n    at <anonymous> (D:\\project\\koishi-plugin-xiuxian\\koishi-app\\node_modules\\@cordisjs\\core\\src\\scope.ts:389:49)\n    at MainScope.ensure (D:\\project\\koishi-plugin-xiuxian\\koishi-app\\node_modules\\@cordisjs\\core\\src\\scope.ts:150:18)\n    at MainScope.start (D:\\project\\koishi-plugin-xiuxian\\koishi-app\\node_modules\\@cordisjs\\core\\src\\scope.ts:389:12)\n    at MainScope.init (D:\\project\\koishi-plugin-xiuxian\\koishi-app\\node_modules\\@cordisjs\\core\\src\\scope.ts:189:12)\n    at new MainScope (D:\\project\\koishi-plugin-xiuxian\\koishi-app\\node_modules\\@cordisjs\\core\\src\\scope.ts:327:12)\n    at Proxy.plugin (D:\\project\\koishi-plugin-xiuxian\\koishi-app\\node_modules\\@cordisjs\\core\\src\\registry.ts:207:15)\n    at Proxy.inject (D:\\project\\koishi-plugin-xiuxian\\koishi-app\\node_modules\\@cordisjs\\core\\src\\registry.ts:179:17)","timestamp":1780746985335}
{"id":43,"type":"warn","level":2,"name":"app","meta":{"paths":["duexwm"]},"content":"Error: property xiuxian is not registered, declare it as `inject` to suppress this warning\n    at Object.apply (D:\\project\\koishi-plugin-xiuxian\\koishi-app\\external\\huaji-xiuxian\\src\\index.ts:52:9)\n    at MainScope.apply (D:\\project\\koishi-plugin-xiuxian\\koishi-app\\node_modules\\@cordisjs\\core\\src\\scope.ts:362:26)\n    at <anonymous> (D:\\project\\koishi-plugin-xiuxian\\koishi-app\\node_modules\\@cordisjs\\core\\src\\scope.ts:389:49)\n    at MainScope.ensure (D:\\project\\koishi-plugin-xiuxian\\koishi-app\\node_modules\\@cordisjs\\core\\src\\scope.ts:150:18)\n    at MainScope.start (D:\\project\\koishi-plugin-xiuxian\\koishi-app\\node_modules\\@cordisjs\\core\\src\\scope.ts:389:12)\n    at MainScope.init (D:\\project\\koishi-plugin-xiuxian\\koishi-app\\node_modules\\@cordisjs\\core\\src\\scope.ts:189:12)\n    at new MainScope (D:\\project\\koishi-plugin-xiuxian\\koishi-app\\node_modules\\@cordisjs\\core\\src\\scope.ts:327:12)\n    at Proxy.plugin (D:\\project\\koishi-plugin-xiuxian\\koishi-app\\node_modules\\@cordisjs\\core\\src\\registry.ts:207:15)\n    at Proxy.inject (D:\\project\\koishi-plugin-xiuxian\\koishi-app\\node_modules\\@cordisjs\\core\\src\\registry.ts:179:17)","timestamp":1780746985336}
{"id":44,"type":"info","level":2,"name":"huaji-xiuxian","meta":{"paths":["duexwm"]},"content":"huaji-xiuxian 插件已加载，发送 我要修仙 开始游戏~","timestamp":1780746985367}
{"id":85,"type":"info","level":2,"name":"console","meta":{"paths":["y8id5p"]},"content":"webui is available at \u001b[38;5;166mhttp://127.0.0.1:5140\u001b[0m","timestamp":1780746985417}
